{
  "todos": [
    {
      "todoId": "todoId",
      "description": "lorem ipsum",
      "todoStatus": "COMPLETED",
      "version": 1
    }
  ],
  "events": [
    {
      "source": "todoId",
      "target": "todoId",
      "description": "lorem ipsum",
      "eventType": "TodoCreatedEvent",
      "creationDate": 1562890044742000,
      "todoId": "todoId",
      "version": 0
    },
    {
      "source": "todoId",
      "target": "todoId",
      "eventType": "TodoMarkedAsCompletedEvent",
      "creationDate": 1562890044922000,
      "todoId": "todoId",
      "version": 1
    }
  ]
}