{
  "description": "lorem ipsum",
  "todoId": "todoId",
  "todoStatus": "IN_PROGRESS"
}