{
  "todoId": "todoId",
  "description": {
    "encrypted": "encryptedDescription",
    "aggregateRootType": "TodoAggregateRoot",
    "aggregateRootId": "todoId",
    "type": "string"
  }
}